Modules list:
-------------
main.o:
    CODE              Offs=000000  Size=00040A  Align=00001  Fill=0000
    RODATA            Offs=000000  Size=0000E7  Align=00001  Fill=0000
    BSS               Offs=000000  Size=000105  Align=00001  Fill=0000
    DATA              Offs=000000  Size=000000  Align=00001  Fill=0000
    ZEROPAGE          Offs=000000  Size=00001A  Align=00001  Fill=0000
    NULL              Offs=000000  Size=000000  Align=00001  Fill=0000
    VECTORS           Offs=000000  Size=000006  Align=00001  Fill=0000


Segment list:
-------------
Name                   Start     End    Size  Align
----------------------------------------------------
NULL                  000000  000000  000000  00001
ZEROPAGE              000000  000019  00001A  00001
BSS                   000200  000304  000105  00001
DATA                  000200  000200  000000  00001
CODE                  00C000  00C409  00040A  00001
RODATA                00C40A  00C4F0  0000E7  00001
VECTORS               00FFFA  00FFFF  000006  00001


Exports list by name:
---------------------
ACIAGetByte               00C00B  LA    ACIASendByte              00C016  LA    
ACIASendString            00C023  LA    ByteToHexString           00C2CE  LA    
HexStringToWord           00C282  LA    InterruptHandleSystemTimer 00C060  LA    
InterruptRouter           00C05D  LA    InterruptVector           000015  LZ    
MonitorCommandBuffer      000200  LA    NibbleToHexString         00C2DF  LA    
StringCompare             00C250  LA    StringCompareN            00C240  LA    
StringCopy                00C275  LA    StringLength              00C235  LA    
SystemClockJiffies        000010  LZ    SystemClockUptime         000011  LZ    
SystemRAMCapacity         000013  LZ    XModemCalculatedChecksum  000303  LA    
XModemDestinationAddress  000017  LZ    XModemPacketChecksum      000302  LA    
XModemPacketData          000280  LA    XModemPacketNumber        000300  LA    
XModemPacketNumberComplement 000301  LA    XModemPacketNumberExpected 000304  LA    
XModemReceive             00C2EA  LA    XModemTimeout             000019  LZ    
__BSS_LOAD__              000200  LA    __BSS_RUN__               000200  LA    
__BSS_SIZE__              000105  EA    __DATA_LOAD__             00C000  LA    
__DATA_RUN__              000200  LA    __DATA_SIZE__             000000  EA    
__IO_FILEOFFS__           000000  EA    __IO_LAST__               00BF00  LA    
__IO_SIZE__               000100  EA    __IO_START__              00BF00  LA    
__RAM_FILEOFFS__          000000  EA    __RAM_LAST__              000305  LA    
__RAM_SIZE__              00BD00  EA    __RAM_START__             000200  LA    
__STACK_FILEOFFS__        000000  EA    __STACK_LAST__            000100  LA    
__STACK_SIZE__            000100  EA    __STACK_START__           000100  LA    
__ZEROPAGE_FILEOFFS__     000000  EA    __ZEROPAGE_LAST__         00001A  LA    
__ZEROPAGE_SIZE__         000100  EA    __ZEROPAGE_START__        000000  LA    
r0                        000000  LZ    r1                        000002  LZ    
r2                        000004  LZ    r3                        000006  LZ    
r4                        000008  LZ    r5                        00000A  LZ    
r6                        00000C  LZ    r7                        00000E  LZ    



Exports list by value:
----------------------
__DATA_SIZE__             000000  EA    r0                        000000  LZ    
__ZEROPAGE_START__        000000  LA    __ZEROPAGE_FILEOFFS__     000000  EA    
__STACK_FILEOFFS__        000000  EA    __RAM_FILEOFFS__          000000  EA    
__IO_FILEOFFS__           000000  EA    r1                        000002  LZ    
r2                        000004  LZ    r3                        000006  LZ    
r4                        000008  LZ    r5                        00000A  LZ    
r6                        00000C  LZ    r7                        00000E  LZ    
SystemClockJiffies        000010  LZ    SystemClockUptime         000011  LZ    
SystemRAMCapacity         000013  LZ    InterruptVector           000015  LZ    
XModemDestinationAddress  000017  LZ    XModemTimeout             000019  LZ    
__ZEROPAGE_LAST__         00001A  LA    __ZEROPAGE_SIZE__         000100  EA    
__STACK_START__           000100  LA    __IO_SIZE__               000100  EA    
__STACK_LAST__            000100  LA    __STACK_SIZE__            000100  EA    
__BSS_SIZE__              000105  EA    __BSS_RUN__               000200  LA    
__RAM_START__             000200  LA    __BSS_LOAD__              000200  LA    
__DATA_RUN__              000200  LA    MonitorCommandBuffer      000200  LA    
XModemPacketData          000280  LA    XModemPacketNumber        000300  LA    
XModemPacketNumberComplement 000301  LA    XModemPacketChecksum      000302  LA    
XModemCalculatedChecksum  000303  LA    XModemPacketNumberExpected 000304  LA    
__RAM_LAST__              000305  LA    __RAM_SIZE__              00BD00  EA    
__IO_START__              00BF00  LA    __IO_LAST__               00BF00  LA    
__DATA_LOAD__             00C000  LA    ACIAGetByte               00C00B  LA    
ACIASendByte              00C016  LA    ACIASendString            00C023  LA    
InterruptRouter           00C05D  LA    InterruptHandleSystemTimer 00C060  LA    
StringLength              00C235  LA    StringCompareN            00C240  LA    
StringCompare             00C250  LA    StringCopy                00C275  LA    
HexStringToWord           00C282  LA    ByteToHexString           00C2CE  LA    
NibbleToHexString         00C2DF  LA    XModemReceive             00C2EA  LA    



Imports list:
-------------
ACIAGetByte (main.o):
ACIASendByte (main.o):
ACIASendString (main.o):
ByteToHexString (main.o):
HexStringToWord (main.o):
InterruptHandleSystemTimer (main.o):
InterruptRouter (main.o):
InterruptVector (main.o):
MonitorCommandBuffer (main.o):
NibbleToHexString (main.o):
StringCompare (main.o):
StringCompareN (main.o):
StringCopy (main.o):
StringLength (main.o):
SystemClockJiffies (main.o):
SystemClockUptime (main.o):
SystemRAMCapacity (main.o):
XModemCalculatedChecksum (main.o):
XModemDestinationAddress (main.o):
XModemPacketChecksum (main.o):
XModemPacketData (main.o):
XModemPacketNumber (main.o):
XModemPacketNumberComplement (main.o):
XModemPacketNumberExpected (main.o):
XModemReceive (main.o):
XModemTimeout (main.o):
__BSS_LOAD__ ([linker generated]):
__BSS_RUN__ ([linker generated]):
__BSS_SIZE__ ([linker generated]):
__DATA_LOAD__ ([linker generated]):
__DATA_RUN__ ([linker generated]):
__DATA_SIZE__ ([linker generated]):
__IO_FILEOFFS__ ([linker generated]):
__IO_LAST__ ([linker generated]):
__IO_SIZE__ ([linker generated]):
__IO_START__ ([linker generated]):
__RAM_FILEOFFS__ ([linker generated]):
__RAM_LAST__ ([linker generated]):
__RAM_SIZE__ ([linker generated]):
__RAM_START__ ([linker generated]):
__STACK_FILEOFFS__ ([linker generated]):
__STACK_LAST__ ([linker generated]):
__STACK_SIZE__ ([linker generated]):
__STACK_START__ ([linker generated]):
__ZEROPAGE_FILEOFFS__ ([linker generated]):
__ZEROPAGE_LAST__ ([linker generated]):
__ZEROPAGE_SIZE__ ([linker generated]):
__ZEROPAGE_START__ ([linker generated]):
r0 (main.o):
r1 (main.o):
r2 (main.o):
r3 (main.o):
r4 (main.o):
r5 (main.o):
r6 (main.o):
r7 (main.o):

