Modules list:
-------------
main.o:
    CODE              Offs=000000  Size=0003A8  Align=00001  Fill=0000
    RODATA            Offs=000000  Size=000153  Align=00001  Fill=0000
    BSS               Offs=000000  Size=000105  Align=00001  Fill=0000
    DATA              Offs=000000  Size=000000  Align=00001  Fill=0000
    ZEROPAGE          Offs=000000  Size=000015  Align=00001  Fill=0000
    NULL              Offs=000000  Size=000000  Align=00001  Fill=0000
    VECTORS           Offs=000000  Size=000006  Align=00001  Fill=0000


Segment list:
-------------
Name                   Start     End    Size  Align
----------------------------------------------------
NULL                  000000  000000  000000  00001
ZEROPAGE              000000  000014  000015  00001
BSS                   000200  000304  000105  00001
DATA                  000200  000200  000000  00001
CODE                  008000  0083A7  0003A8  00001
RODATA                0083A8  0084FA  000153  00001
VECTORS               00FFFA  00FFFF  000006  00001


Exports list by name:
---------------------
ACIAGetByte               008041  LA    ACIASendByte              00804C  LA    
ACIASendString            008059  LA    ByteToHexString           0082DA  LA    
HexStringToWord           00828E  LA    InterruptHandleSystemTimer 00808E  LA    
InterruptRouter           00808B  LA    InterruptVector           000013  LZ    
LCDInit                   00848A  LA    LCDMoveCursor             0084A1  LA    
LCDPollBusy               0084C3  LA    LCDPrintString            0084A9  LA    
LCDSendBlock              0084D0  LA    LCDSendByte               0084BC  LA    
LCDSendInstruction        0084C9  LA    NibbleToHexString         0082EB  LA    
StringCompare             00825C  LA    StringCompareN            00824C  LA    
StringCopy                008281  LA    StringLength              008241  LA    
SystemClockJiffies        000010  LZ    SystemClockUptime         000011  LZ    
XModemReceive             0082F6  LA    __BSS_LOAD__              000200  LA    
__BSS_RUN__               000200  LA    __BSS_SIZE__              000105  EA    
__DATA_LOAD__             008000  LA    __DATA_RUN__              000200  LA    
__DATA_SIZE__             000000  EA    __IO_FILEOFFS__           000000  EA    
__IO_LAST__               007F00  LA    __IO_SIZE__               000100  EA    
__IO_START__              007F00  LA    __RAM_FILEOFFS__          000000  EA    
__RAM_LAST__              000305  LA    __RAM_SIZE__              007D00  EA    
__RAM_START__             000200  LA    __STACK_FILEOFFS__        000000  EA    
__STACK_LAST__            000100  LA    __STACK_SIZE__            000100  EA    
__STACK_START__           000100  LA    __ZEROPAGE_FILEOFFS__     000000  EA    
__ZEROPAGE_LAST__         000015  LA    __ZEROPAGE_SIZE__         000100  EA    
__ZEROPAGE_START__        000000  LA    r0                        000000  LZ    
r1                        000002  LZ    r2                        000004  LZ    
r3                        000006  LZ    r4                        000008  LZ    
r5                        00000A  LZ    r6                        00000C  LZ    
r7                        00000E  LZ    


Exports list by value:
----------------------
__ZEROPAGE_FILEOFFS__     000000  EA    __IO_FILEOFFS__           000000  EA    
__DATA_SIZE__             000000  EA    r0                        000000  LZ    
__ZEROPAGE_START__        000000  LA    __RAM_FILEOFFS__          000000  EA    
__STACK_FILEOFFS__        000000  EA    r1                        000002  LZ    
r2                        000004  LZ    r3                        000006  LZ    
r4                        000008  LZ    r5                        00000A  LZ    
r6                        00000C  LZ    r7                        00000E  LZ    
SystemClockJiffies        000010  LZ    SystemClockUptime         000011  LZ    
InterruptVector           000013  LZ    __ZEROPAGE_LAST__         000015  LA    
__STACK_START__           000100  LA    __STACK_SIZE__            000100  EA    
__STACK_LAST__            000100  LA    __ZEROPAGE_SIZE__         000100  EA    
__IO_SIZE__               000100  EA    __BSS_SIZE__              000105  EA    
__BSS_LOAD__              000200  LA    __BSS_RUN__               000200  LA    
__RAM_START__             000200  LA    __DATA_RUN__              000200  LA    
__RAM_LAST__              000305  LA    __RAM_SIZE__              007D00  EA    
__IO_START__              007F00  LA    __IO_LAST__               007F00  LA    
__DATA_LOAD__             008000  LA    ACIAGetByte               008041  LA    
ACIASendByte              00804C  LA    ACIASendString            008059  LA    
InterruptRouter           00808B  LA    InterruptHandleSystemTimer 00808E  LA    
StringLength              008241  LA    StringCompareN            00824C  LA    
StringCompare             00825C  LA    StringCopy                008281  LA    
HexStringToWord           00828E  LA    ByteToHexString           0082DA  LA    
NibbleToHexString         0082EB  LA    XModemReceive             0082F6  LA    
LCDInit                   00848A  LA    LCDMoveCursor             0084A1  LA    
LCDPrintString            0084A9  LA    LCDSendByte               0084BC  LA    
LCDPollBusy               0084C3  LA    LCDSendInstruction        0084C9  LA    
LCDSendBlock              0084D0  LA    


Imports list:
-------------
ACIAGetByte (main.o):
ACIASendByte (main.o):
ACIASendString (main.o):
ByteToHexString (main.o):
HexStringToWord (main.o):
InterruptHandleSystemTimer (main.o):
InterruptRouter (main.o):
InterruptVector (main.o):
LCDInit (main.o):
LCDMoveCursor (main.o):
LCDPollBusy (main.o):
LCDPrintString (main.o):
LCDSendBlock (main.o):
LCDSendByte (main.o):
LCDSendInstruction (main.o):
NibbleToHexString (main.o):
StringCompare (main.o):
StringCompareN (main.o):
StringCopy (main.o):
StringLength (main.o):
SystemClockJiffies (main.o):
SystemClockUptime (main.o):
XModemReceive (main.o):
__BSS_LOAD__ ([linker generated]):
__BSS_RUN__ ([linker generated]):
__BSS_SIZE__ ([linker generated]):
__DATA_LOAD__ ([linker generated]):
__DATA_RUN__ ([linker generated]):
__DATA_SIZE__ ([linker generated]):
__IO_FILEOFFS__ ([linker generated]):
__IO_LAST__ ([linker generated]):
__IO_SIZE__ ([linker generated]):
__IO_START__ ([linker generated]):
__RAM_FILEOFFS__ ([linker generated]):
__RAM_LAST__ ([linker generated]):
__RAM_SIZE__ ([linker generated]):
__RAM_START__ ([linker generated]):
__STACK_FILEOFFS__ ([linker generated]):
__STACK_LAST__ ([linker generated]):
__STACK_SIZE__ ([linker generated]):
__STACK_START__ ([linker generated]):
__ZEROPAGE_FILEOFFS__ ([linker generated]):
__ZEROPAGE_LAST__ ([linker generated]):
__ZEROPAGE_SIZE__ ([linker generated]):
__ZEROPAGE_START__ ([linker generated]):
r0 (main.o):
r1 (main.o):
r2 (main.o):
r3 (main.o):
r4 (main.o):
r5 (main.o):
r6 (main.o):
r7 (main.o):

