Modules list:
-------------
main.o:
    CODE              Offs=000000  Size=000D37  Align=00001  Fill=0000
    RODATA            Offs=000000  Size=0000FC  Align=00001  Fill=0000
    BSS               Offs=000000  Size=000105  Align=00001  Fill=0000
    DATA              Offs=000000  Size=000000  Align=00001  Fill=0000
    ZEROPAGE          Offs=000000  Size=000014  Align=00001  Fill=0000
    NULL              Offs=000000  Size=000000  Align=00001  Fill=0000
    VECTORS           Offs=000000  Size=000006  Align=00001  Fill=0000


Segment list:
-------------
Name                   Start     End    Size  Align
----------------------------------------------------
NULL                  000000  000000  000000  00001
ZEROPAGE              000000  000013  000014  00001
BSS                   000200  000304  000105  00001
DATA                  000200  000200  000000  00001
CODE                  00C000  00CD36  000D37  00001
RODATA                00CD37  00CE32  0000FC  00001
VECTORS               00FFFA  00FFFF  000006  00001


Exports list by name:
---------------------
ByteToHexString           00CBA5  LA    CharToByte                00CB93  LA    
HexStringToWord           00CB58  LA    InterruptHandleSystemTimer 00CC7A  LA    
InterruptRouter           00CC77  LA    InterruptVector           0000ED  LZ    
MonitorCommandBuffer      000200  LA    MonitorCommandDebugTokens 000010  LZ    
NibbleToChar              00CBB6  LA    SerialGetByte             00C03B  LA    
SerialSendByte            00C046  LA    SerialSendByteAsString    00C011  LA    
SerialSendString          00C000  LA    StringCompare             00CB26  LA    
StringCompareN            00CB16  LA    StringCopy                00CB4B  LA    
StringLength              00CB0B  LA    SystemClockJiffies        0000E8  LZ    
SystemClockUptime         0000E9  LZ    SystemRAMCapacity         0000EB  LZ    
VDPCharset                00C0FA  LA    VDPClearVRAM              00C091  LA    
VDPCopyDefaultCharset     00C0AD  LA    VDPDefaultRegisters       00C0F2  LA    
VDPInit                   00C077  LA    VDPVramPutN               00C0D6  LA    
VDPWaitLong               00C0CB  LA    VIAInit                   00C8FA  LA    
XModemCalculatedChecksum  000303  LA    XModemDestinationAddress  000011  LZ    
XModemPacketChecksum      000302  LA    XModemPacketData          000280  LA    
XModemPacketNumber        000300  LA    XModemPacketNumberComplement 000301  LA    
XModemPacketNumberExpected 000304  LA    XModemReceive             00CBC1  LA    
XModemTimeout             000013  LZ    __BSS_LOAD__              000200  LA    
__BSS_RUN__               000200  LA    __BSS_SIZE__              000105  EA    
__DATA_LOAD__             00C000  LA    __DATA_RUN__              000200  LA    
__DATA_SIZE__             000000  EA    __IO_FILEOFFS__           000000  EA    
__IO_LAST__               00BF00  LA    __IO_SIZE__               000100  EA    
__IO_START__              00BF00  LA    __RAM_FILEOFFS__          000000  EA    
__RAM_LAST__              000305  LA    __RAM_SIZE__              00BD00  EA    
__RAM_START__             000200  LA    __STACK_FILEOFFS__        000000  EA    
__STACK_LAST__            000100  LA    __STACK_SIZE__            000100  EA    
__STACK_START__           000100  LA    __ZEROPAGE_FILEOFFS__     000000  EA    
__ZEROPAGE_LAST__         000014  LA    __ZEROPAGE_SIZE__         000100  EA    
__ZEROPAGE_START__        000000  LA    r0                        000000  LZ    
r1                        000002  LZ    r2                        000004  LZ    
r3                        000006  LZ    r4                        000008  LZ    
r5                        00000A  LZ    r6                        00000C  LZ    
r7                        00000E  LZ    


Exports list by value:
----------------------
__STACK_FILEOFFS__        000000  EA    __RAM_FILEOFFS__          000000  EA    
__ZEROPAGE_FILEOFFS__     000000  EA    __IO_FILEOFFS__           000000  EA    
__ZEROPAGE_START__        000000  LA    r0                        000000  LZ    
__DATA_SIZE__             000000  EA    r1                        000002  LZ    
r2                        000004  LZ    r3                        000006  LZ    
r4                        000008  LZ    r5                        00000A  LZ    
r6                        00000C  LZ    r7                        00000E  LZ    
MonitorCommandDebugTokens 000010  LZ    XModemDestinationAddress  000011  LZ    
XModemTimeout             000013  LZ    __ZEROPAGE_LAST__         000014  LA    
SystemClockJiffies        0000E8  LZ    SystemClockUptime         0000E9  LZ    
SystemRAMCapacity         0000EB  LZ    InterruptVector           0000ED  LZ    
__IO_SIZE__               000100  EA    __ZEROPAGE_SIZE__         000100  EA    
__STACK_LAST__            000100  LA    __STACK_SIZE__            000100  EA    
__STACK_START__           000100  LA    __BSS_SIZE__              000105  EA    
__BSS_LOAD__              000200  LA    __RAM_START__             000200  LA    
MonitorCommandBuffer      000200  LA    __DATA_RUN__              000200  LA    
__BSS_RUN__               000200  LA    XModemPacketData          000280  LA    
XModemPacketNumber        000300  LA    XModemPacketNumberComplement 000301  LA    
XModemPacketChecksum      000302  LA    XModemCalculatedChecksum  000303  LA    
XModemPacketNumberExpected 000304  LA    __RAM_LAST__              000305  LA    
__RAM_SIZE__              00BD00  EA    __IO_LAST__               00BF00  LA    
__IO_START__              00BF00  LA    __DATA_LOAD__             00C000  LA    
SerialSendString          00C000  LA    SerialSendByteAsString    00C011  LA    
SerialGetByte             00C03B  LA    SerialSendByte            00C046  LA    
VDPInit                   00C077  LA    VDPClearVRAM              00C091  LA    
VDPCopyDefaultCharset     00C0AD  LA    VDPWaitLong               00C0CB  LA    
VDPVramPutN               00C0D6  LA    VDPDefaultRegisters       00C0F2  LA    
VDPCharset                00C0FA  LA    VIAInit                   00C8FA  LA    
StringLength              00CB0B  LA    StringCompareN            00CB16  LA    
StringCompare             00CB26  LA    StringCopy                00CB4B  LA    
HexStringToWord           00CB58  LA    CharToByte                00CB93  LA    
ByteToHexString           00CBA5  LA    NibbleToChar              00CBB6  LA    
XModemReceive             00CBC1  LA    InterruptRouter           00CC77  LA    
InterruptHandleSystemTimer 00CC7A  LA    


Imports list:
-------------
ByteToHexString (main.o):
CharToByte (main.o):
HexStringToWord (main.o):
InterruptHandleSystemTimer (main.o):
InterruptRouter (main.o):
InterruptVector (main.o):
MonitorCommandBuffer (main.o):
MonitorCommandDebugTokens (main.o):
NibbleToChar (main.o):
SerialGetByte (main.o):
SerialSendByte (main.o):
SerialSendByteAsString (main.o):
SerialSendString (main.o):
StringCompare (main.o):
StringCompareN (main.o):
StringCopy (main.o):
StringLength (main.o):
SystemClockJiffies (main.o):
SystemClockUptime (main.o):
SystemRAMCapacity (main.o):
VDPCharset (main.o):
VDPClearVRAM (main.o):
VDPCopyDefaultCharset (main.o):
VDPDefaultRegisters (main.o):
VDPInit (main.o):
VDPVramPutN (main.o):
VDPWaitLong (main.o):
VIAInit (main.o):
XModemCalculatedChecksum (main.o):
XModemDestinationAddress (main.o):
XModemPacketChecksum (main.o):
XModemPacketData (main.o):
XModemPacketNumber (main.o):
XModemPacketNumberComplement (main.o):
XModemPacketNumberExpected (main.o):
XModemReceive (main.o):
XModemTimeout (main.o):
__BSS_LOAD__ ([linker generated]):
__BSS_RUN__ ([linker generated]):
__BSS_SIZE__ ([linker generated]):
__DATA_LOAD__ ([linker generated]):
__DATA_RUN__ ([linker generated]):
__DATA_SIZE__ ([linker generated]):
__IO_FILEOFFS__ ([linker generated]):
__IO_LAST__ ([linker generated]):
__IO_SIZE__ ([linker generated]):
__IO_START__ ([linker generated]):
__RAM_FILEOFFS__ ([linker generated]):
__RAM_LAST__ ([linker generated]):
__RAM_SIZE__ ([linker generated]):
__RAM_START__ ([linker generated]):
__STACK_FILEOFFS__ ([linker generated]):
__STACK_LAST__ ([linker generated]):
__STACK_SIZE__ ([linker generated]):
__STACK_START__ ([linker generated]):
__ZEROPAGE_FILEOFFS__ ([linker generated]):
__ZEROPAGE_LAST__ ([linker generated]):
__ZEROPAGE_SIZE__ ([linker generated]):
__ZEROPAGE_START__ ([linker generated]):
r0 (main.o):
r1 (main.o):
r2 (main.o):
r3 (main.o):
r4 (main.o):
r5 (main.o):
r6 (main.o):
r7 (main.o):

